// Jest Snapshot v1, https://goo.gl/fbAQLP

exports[`Client tests should render as expected 1`] = `"<div><div class=\\"shadow-sm h-100  mb-2 border bg-white rounded-sm \\"><div class=\\"client-box\\"><div class=\\"container-fluid\\"><h4>no products <small class=\\"text-muted\\">5633</small></h4><ul class=\\"producsts\\"></ul></div><button class=\\"bt-foward\\"><span class=\\"icon-rl-forward\\"></span></button></div></div><div class=\\"shadow-sm h-100  mb-2 border bg-white rounded-sm \\"><div class=\\"client-box\\"><div class=\\"container-fluid\\"><h4>Addf gsd df <small class=\\"text-muted\\">3423</small></h4><ul class=\\"producsts\\"><li><span class=\\"badge paused\\">paused</span> lead_management_</li></ul></div><button class=\\"bt-foward\\"><span class=\\"icon-rl-forward\\"></span></button></div></div><div class=\\"shadow-sm h-100  mb-2 border bg-white rounded-sm \\"><div class=\\"client-box\\"><div class=\\"container-fluid\\"><h4>Pri porter <small class=\\"text-muted\\">333</small></h4><ul class=\\"producsts\\"><li><span class=\\"badge active\\">active</span> lead_management</li><li><span class=\\"badge active\\">active</span> marco_polo</li></ul></div><button class=\\"bt-foward\\"><span class=\\"icon-rl-forward\\"></span></button></div></div><div class=\\"shadow-sm h-100  mb-2 border bg-white rounded-sm \\"><div class=\\"client-box\\"><div class=\\"container-fluid\\"><h4>Pitter Bitter <small class=\\"text-muted\\">3434</small></h4><ul class=\\"producsts\\"><li><span class=\\"badge canceled\\">canceled</span> dashboard</li></ul></div><button class=\\"bt-foward\\"><span class=\\"icon-rl-forward\\"></span></button></div></div></div>"`;
