// Jest Snapshot v1, https://goo.gl/fbAQLP

exports[`FilterSection tests should render as expected 1`] = `"<div class=\\"Collapsible\\"><span class=\\"Collapsible__trigger is-open\\"><div class=\\"d-flex justify-content-between mt-1 mb-1 mr-1 \\"><h6>Section Test</h6><span class=\\"icon-rl-chevron\\"></span></div></span><div class=\\"Collapsible__contentOuter\\" style=\\"height: auto; transition: none; overflow: hidden;\\"><div class=\\"Collapsible__contentInner\\"><ul><li><div class=\\"bg-gray p-1 text-dark  rounded\\"><input name=\\"option\\" type=\\"checkbox\\" id=\\"Section Test-option\\" value=\\"option\\"><label for=\\"Section Testoption\\">option</label></div></li><li><div class=\\"bg-gray p-1 text-dark  rounded\\"><input name=\\"option two\\" type=\\"checkbox\\" id=\\"Section Test-option two\\" value=\\"option two\\"><label for=\\"Section Testoption two\\">option two</label></div></li><li><div class=\\"bg-gray p-1 text-dark  rounded\\"><input name=\\"option three\\" type=\\"checkbox\\" id=\\"Section Test-option three\\" value=\\"option three\\"><label for=\\"Section Testoption three\\">option three</label></div></li></ul></div></div></div>"`;
